// Jest Snapshot v1, https://goo.gl/fbAQLP

exports[`empty board 1`] = `
<div
  className="Board"
/>
`;

exports[`large board, renders correctly 1`] = `
<div
  className="Board"
>
  <div
    className="BoardRow"
  >
    <div
      className="WhiteSpace"
      onClick={[Function]}
    />
    <div
      className="WhiteSpace"
      onClick={[Function]}
    />
    <div
      className="WhiteSpace"
      onClick={[Function]}
    />
    <div
      className="WhiteSpace"
      onClick={[Function]}
    />
    <div
      className="WhiteSpace"
      onClick={[Function]}
    />
    <div
      className="WhiteSpace"
      onClick={[Function]}
    />
    <div
      className="WhiteSpace"
      onClick={[Function]}
    />
    <div
      className="WhiteSpace"
      onClick={[Function]}
    />
  </div>
  <div
    className="BoardRow"
  >
    <div
      className="WhiteSpace"
      onClick={[Function]}
    />
    <div
      className="WhiteSpace"
      onClick={[Function]}
    />
    <div
      className="WhiteSpace"
      onClick={[Function]}
    />
    <div
      className="WhiteSpace"
      onClick={[Function]}
    />
    <div
      className="WhiteSpace"
      onClick={[Function]}
    />
    <div
      className="WhiteSpace"
      onClick={[Function]}
    />
    <div
      className="WhiteSpace"
      onClick={[Function]}
    />
    <div
      className="WhiteSpace"
      onClick={[Function]}
    />
  </div>
  <div
    className="BoardRow"
  >
    <div
      className="WhiteSpace"
      onClick={[Function]}
    />
    <div
      className="WhiteSpace"
      onClick={[Function]}
    />
    <div
      className="WhiteSpace"
      onClick={[Function]}
    />
    <div
      className="WhiteSpace"
      onClick={[Function]}
    />
    <div
      className="WhiteSpace"
      onClick={[Function]}
    />
    <div
      className="WhiteSpace"
      onClick={[Function]}
    />
    <div
      className="WhiteSpace"
      onClick={[Function]}
    />
    <div
      className="WhiteSpace"
      onClick={[Function]}
    />
  </div>
  <div
    className="BoardRow"
  >
    <div
      className="WhiteSpace"
      onClick={[Function]}
    />
    <div
      className="WhiteSpace"
      onClick={[Function]}
    />
    <div
      className="WhiteSpace"
      onClick={[Function]}
    />
    <div
      className="WhiteSpace"
      onClick={[Function]}
    />
    <div
      className="WhiteSpace"
      onClick={[Function]}
    />
    <div
      className="WhiteSpace"
      onClick={[Function]}
    />
    <div
      className="WhiteSpace"
      onClick={[Function]}
    />
    <div
      className="WhiteSpace"
      onClick={[Function]}
    />
  </div>
  <div
    className="BoardRow"
  >
    <div
      className="WhiteSpace"
      onClick={[Function]}
    />
    <div
      className="WhiteSpace"
      onClick={[Function]}
    />
    <div
      className="WhiteSpace"
      onClick={[Function]}
    />
    <div
      className="WhiteSpace"
      onClick={[Function]}
    />
    <div
      className="WhiteSpace"
      onClick={[Function]}
    />
    <div
      className="WhiteSpace"
      onClick={[Function]}
    />
    <div
      className="WhiteSpace"
      onClick={[Function]}
    />
    <div
      className="WhiteSpace"
      onClick={[Function]}
    />
  </div>
  <div
    className="BoardRow"
  >
    <div
      className="WhiteSpace"
      onClick={[Function]}
    />
    <div
      className="WhiteSpace"
      onClick={[Function]}
    />
    <div
      className="WhiteSpace"
      onClick={[Function]}
    />
    <div
      className="WhiteSpace"
      onClick={[Function]}
    />
    <div
      className="WhiteSpace"
      onClick={[Function]}
    />
    <div
      className="WhiteSpace"
      onClick={[Function]}
    />
    <div
      className="WhiteSpace"
      onClick={[Function]}
    />
    <div
      className="WhiteSpace"
      onClick={[Function]}
    />
  </div>
  <div
    className="BoardRow"
  >
    <div
      className="WhiteSpace"
      onClick={[Function]}
    />
    <div
      className="WhiteSpace"
      onClick={[Function]}
    />
    <div
      className="WhiteSpace"
      onClick={[Function]}
    />
    <div
      className="WhiteSpace"
      onClick={[Function]}
    />
    <div
      className="WhiteSpace"
      onClick={[Function]}
    />
    <div
      className="WhiteSpace"
      onClick={[Function]}
    />
    <div
      className="WhiteSpace"
      onClick={[Function]}
    />
    <div
      className="WhiteSpace"
      onClick={[Function]}
    />
  </div>
  <div
    className="BoardRow"
  >
    <div
      className="WhiteSpace"
      onClick={[Function]}
    />
    <div
      className="WhiteSpace"
      onClick={[Function]}
    />
    <div
      className="WhiteSpace"
      onClick={[Function]}
    />
    <div
      className="WhiteSpace"
      onClick={[Function]}
    />
    <div
      className="WhiteSpace"
      onClick={[Function]}
    />
    <div
      className="WhiteSpace"
      onClick={[Function]}
    />
    <div
      className="WhiteSpace"
      onClick={[Function]}
    />
    <div
      className="WhiteSpace"
      onClick={[Function]}
    />
  </div>
</div>
`;

exports[`medium board, renders correctly 1`] = `
<div
  className="Board"
>
  <div
    className="BoardRow"
  >
    <div
      className="WhiteSpace"
      onClick={[Function]}
    />
    <div
      className="WhiteSpace"
      onClick={[Function]}
    />
    <div
      className="WhiteSpace"
      onClick={[Function]}
    />
    <div
      className="WhiteSpace"
      onClick={[Function]}
    />
    <div
      className="WhiteSpace"
      onClick={[Function]}
    />
    <div
      className="WhiteSpace"
      onClick={[Function]}
    />
    <div
      className="WhiteSpace"
      onClick={[Function]}
    />
  </div>
  <div
    className="BoardRow"
  >
    <div
      className="WhiteSpace"
      onClick={[Function]}
    />
    <div
      className="WhiteSpace"
      onClick={[Function]}
    />
    <div
      className="WhiteSpace"
      onClick={[Function]}
    />
    <div
      className="WhiteSpace"
      onClick={[Function]}
    />
    <div
      className="WhiteSpace"
      onClick={[Function]}
    />
    <div
      className="WhiteSpace"
      onClick={[Function]}
    />
    <div
      className="WhiteSpace"
      onClick={[Function]}
    />
  </div>
  <div
    className="BoardRow"
  >
    <div
      className="WhiteSpace"
      onClick={[Function]}
    />
    <div
      className="WhiteSpace"
      onClick={[Function]}
    />
    <div
      className="WhiteSpace"
      onClick={[Function]}
    />
    <div
      className="WhiteSpace"
      onClick={[Function]}
    />
    <div
      className="WhiteSpace"
      onClick={[Function]}
    />
    <div
      className="WhiteSpace"
      onClick={[Function]}
    />
    <div
      className="WhiteSpace"
      onClick={[Function]}
    />
  </div>
  <div
    className="BoardRow"
  >
    <div
      className="WhiteSpace"
      onClick={[Function]}
    />
    <div
      className="WhiteSpace"
      onClick={[Function]}
    />
    <div
      className="WhiteSpace"
      onClick={[Function]}
    />
    <div
      className="WhiteSpace"
      onClick={[Function]}
    />
    <div
      className="WhiteSpace"
      onClick={[Function]}
    />
    <div
      className="WhiteSpace"
      onClick={[Function]}
    />
    <div
      className="WhiteSpace"
      onClick={[Function]}
    />
  </div>
  <div
    className="BoardRow"
  >
    <div
      className="WhiteSpace"
      onClick={[Function]}
    />
    <div
      className="WhiteSpace"
      onClick={[Function]}
    />
    <div
      className="WhiteSpace"
      onClick={[Function]}
    />
    <div
      className="WhiteSpace"
      onClick={[Function]}
    />
    <div
      className="WhiteSpace"
      onClick={[Function]}
    />
    <div
      className="WhiteSpace"
      onClick={[Function]}
    />
    <div
      className="WhiteSpace"
      onClick={[Function]}
    />
  </div>
  <div
    className="BoardRow"
  >
    <div
      className="WhiteSpace"
      onClick={[Function]}
    />
    <div
      className="WhiteSpace"
      onClick={[Function]}
    />
    <div
      className="WhiteSpace"
      onClick={[Function]}
    />
    <div
      className="WhiteSpace"
      onClick={[Function]}
    />
    <div
      className="WhiteSpace"
      onClick={[Function]}
    />
    <div
      className="WhiteSpace"
      onClick={[Function]}
    />
    <div
      className="WhiteSpace"
      onClick={[Function]}
    />
  </div>
  <div
    className="BoardRow"
  >
    <div
      className="WhiteSpace"
      onClick={[Function]}
    />
    <div
      className="WhiteSpace"
      onClick={[Function]}
    />
    <div
      className="WhiteSpace"
      onClick={[Function]}
    />
    <div
      className="WhiteSpace"
      onClick={[Function]}
    />
    <div
      className="WhiteSpace"
      onClick={[Function]}
    />
    <div
      className="WhiteSpace"
      onClick={[Function]}
    />
    <div
      className="WhiteSpace"
      onClick={[Function]}
    />
  </div>
</div>
`;

exports[`null board 1`] = `
<div
  className="Board"
/>
`;

exports[`null player 1`] = `
<div
  className="Board"
>
  <div
    className="BoardRow"
  >
    <div
      className="WhiteSpace"
      onClick={[Function]}
    />
    <div
      className="WhiteSpace"
      onClick={[Function]}
    />
    <div
      className="WhiteSpace"
      onClick={[Function]}
    />
    <div
      className="WhiteSpace"
      onClick={[Function]}
    />
    <div
      className="WhiteSpace"
      onClick={[Function]}
    />
    <div
      className="WhiteSpace"
      onClick={[Function]}
    />
  </div>
  <div
    className="BoardRow"
  >
    <div
      className="WhiteSpace"
      onClick={[Function]}
    />
    <div
      className="WhiteSpace"
      onClick={[Function]}
    />
    <div
      className="WhiteSpace"
      onClick={[Function]}
    />
    <div
      className="WhiteSpace"
      onClick={[Function]}
    />
    <div
      className="WhiteSpace"
      onClick={[Function]}
    />
    <div
      className="WhiteSpace"
      onClick={[Function]}
    />
  </div>
  <div
    className="BoardRow"
  >
    <div
      className="WhiteSpace"
      onClick={[Function]}
    />
    <div
      className="WhiteSpace"
      onClick={[Function]}
    />
    <div
      className="WhiteSpace"
      onClick={[Function]}
    />
    <div
      className="WhiteSpace"
      onClick={[Function]}
    />
    <div
      className="WhiteSpace"
      onClick={[Function]}
    />
    <div
      className="WhiteSpace"
      onClick={[Function]}
    />
  </div>
  <div
    className="BoardRow"
  >
    <div
      className="WhiteSpace"
      onClick={[Function]}
    />
    <div
      className="WhiteSpace"
      onClick={[Function]}
    />
    <div
      className="WhiteSpace"
      onClick={[Function]}
    />
    <div
      className="WhiteSpace"
      onClick={[Function]}
    />
    <div
      className="WhiteSpace"
      onClick={[Function]}
    />
    <div
      className="WhiteSpace"
      onClick={[Function]}
    />
  </div>
  <div
    className="BoardRow"
  >
    <div
      className="WhiteSpace"
      onClick={[Function]}
    />
    <div
      className="WhiteSpace"
      onClick={[Function]}
    />
    <div
      className="WhiteSpace"
      onClick={[Function]}
    />
    <div
      className="WhiteSpace"
      onClick={[Function]}
    />
    <div
      className="WhiteSpace"
      onClick={[Function]}
    />
    <div
      className="WhiteSpace"
      onClick={[Function]}
    />
  </div>
  <div
    className="BoardRow"
  >
    <div
      className="WhiteSpace"
      onClick={[Function]}
    />
    <div
      className="WhiteSpace"
      onClick={[Function]}
    />
    <div
      className="WhiteSpace"
      onClick={[Function]}
    />
    <div
      className="WhiteSpace"
      onClick={[Function]}
    />
    <div
      className="WhiteSpace"
      onClick={[Function]}
    />
    <div
      className="WhiteSpace"
      onClick={[Function]}
    />
  </div>
</div>
`;

exports[`red board, renders correctly 1`] = `
<div
  className="Board"
>
  <div
    className="BoardRow"
  >
    <div
      className="RedToken"
    />
    <div
      className="RedToken"
    />
    <div
      className="RedToken"
    />
    <div
      className="RedToken"
    />
    <div
      className="RedToken"
    />
    <div
      className="RedToken"
    />
  </div>
  <div
    className="BoardRow"
  >
    <div
      className="RedToken"
    />
    <div
      className="RedToken"
    />
    <div
      className="RedToken"
    />
    <div
      className="RedToken"
    />
    <div
      className="RedToken"
    />
    <div
      className="RedToken"
    />
  </div>
  <div
    className="BoardRow"
  >
    <div
      className="RedToken"
    />
    <div
      className="RedToken"
    />
    <div
      className="RedToken"
    />
    <div
      className="RedToken"
    />
    <div
      className="RedToken"
    />
    <div
      className="RedToken"
    />
  </div>
  <div
    className="BoardRow"
  >
    <div
      className="RedToken"
    />
    <div
      className="RedToken"
    />
    <div
      className="RedToken"
    />
    <div
      className="RedToken"
    />
    <div
      className="RedToken"
    />
    <div
      className="RedToken"
    />
  </div>
  <div
    className="BoardRow"
  >
    <div
      className="RedToken"
    />
    <div
      className="RedToken"
    />
    <div
      className="RedToken"
    />
    <div
      className="RedToken"
    />
    <div
      className="RedToken"
    />
    <div
      className="RedToken"
    />
  </div>
  <div
    className="BoardRow"
  >
    <div
      className="RedToken"
    />
    <div
      className="RedToken"
    />
    <div
      className="RedToken"
    />
    <div
      className="RedToken"
    />
    <div
      className="RedToken"
    />
    <div
      className="RedToken"
    />
  </div>
</div>
`;

exports[`small board, renders correctly 1`] = `
<div
  className="Board"
>
  <div
    className="BoardRow"
  >
    <div
      className="WhiteSpace"
      onClick={[Function]}
    />
    <div
      className="WhiteSpace"
      onClick={[Function]}
    />
    <div
      className="WhiteSpace"
      onClick={[Function]}
    />
    <div
      className="WhiteSpace"
      onClick={[Function]}
    />
    <div
      className="WhiteSpace"
      onClick={[Function]}
    />
    <div
      className="WhiteSpace"
      onClick={[Function]}
    />
  </div>
  <div
    className="BoardRow"
  >
    <div
      className="WhiteSpace"
      onClick={[Function]}
    />
    <div
      className="WhiteSpace"
      onClick={[Function]}
    />
    <div
      className="WhiteSpace"
      onClick={[Function]}
    />
    <div
      className="WhiteSpace"
      onClick={[Function]}
    />
    <div
      className="WhiteSpace"
      onClick={[Function]}
    />
    <div
      className="WhiteSpace"
      onClick={[Function]}
    />
  </div>
  <div
    className="BoardRow"
  >
    <div
      className="WhiteSpace"
      onClick={[Function]}
    />
    <div
      className="WhiteSpace"
      onClick={[Function]}
    />
    <div
      className="WhiteSpace"
      onClick={[Function]}
    />
    <div
      className="WhiteSpace"
      onClick={[Function]}
    />
    <div
      className="WhiteSpace"
      onClick={[Function]}
    />
    <div
      className="WhiteSpace"
      onClick={[Function]}
    />
  </div>
  <div
    className="BoardRow"
  >
    <div
      className="WhiteSpace"
      onClick={[Function]}
    />
    <div
      className="WhiteSpace"
      onClick={[Function]}
    />
    <div
      className="WhiteSpace"
      onClick={[Function]}
    />
    <div
      className="WhiteSpace"
      onClick={[Function]}
    />
    <div
      className="WhiteSpace"
      onClick={[Function]}
    />
    <div
      className="WhiteSpace"
      onClick={[Function]}
    />
  </div>
  <div
    className="BoardRow"
  >
    <div
      className="WhiteSpace"
      onClick={[Function]}
    />
    <div
      className="WhiteSpace"
      onClick={[Function]}
    />
    <div
      className="WhiteSpace"
      onClick={[Function]}
    />
    <div
      className="WhiteSpace"
      onClick={[Function]}
    />
    <div
      className="WhiteSpace"
      onClick={[Function]}
    />
    <div
      className="WhiteSpace"
      onClick={[Function]}
    />
  </div>
  <div
    className="BoardRow"
  >
    <div
      className="WhiteSpace"
      onClick={[Function]}
    />
    <div
      className="WhiteSpace"
      onClick={[Function]}
    />
    <div
      className="WhiteSpace"
      onClick={[Function]}
    />
    <div
      className="WhiteSpace"
      onClick={[Function]}
    />
    <div
      className="WhiteSpace"
      onClick={[Function]}
    />
    <div
      className="WhiteSpace"
      onClick={[Function]}
    />
  </div>
</div>
`;

exports[`too large board, renders incorrectly 1`] = `
<div
  className="Board"
>
  <div
    className="BoardRow"
  >
    <div
      className="WhiteSpace"
      onClick={[Function]}
    />
    <div
      className="WhiteSpace"
      onClick={[Function]}
    />
    <div
      className="WhiteSpace"
      onClick={[Function]}
    />
    <div
      className="WhiteSpace"
      onClick={[Function]}
    />
    <div
      className="WhiteSpace"
      onClick={[Function]}
    />
    <div
      className="WhiteSpace"
      onClick={[Function]}
    />
    <div
      className="WhiteSpace"
      onClick={[Function]}
    />
    <div
      className="WhiteSpace"
      onClick={[Function]}
    />
    <div
      className="WhiteSpace"
      onClick={[Function]}
    />
    <div
      className="WhiteSpace"
      onClick={[Function]}
    />
  </div>
  <div
    className="BoardRow"
  >
    <div
      className="WhiteSpace"
      onClick={[Function]}
    />
    <div
      className="WhiteSpace"
      onClick={[Function]}
    />
    <div
      className="WhiteSpace"
      onClick={[Function]}
    />
    <div
      className="WhiteSpace"
      onClick={[Function]}
    />
    <div
      className="WhiteSpace"
      onClick={[Function]}
    />
    <div
      className="WhiteSpace"
      onClick={[Function]}
    />
    <div
      className="WhiteSpace"
      onClick={[Function]}
    />
    <div
      className="WhiteSpace"
      onClick={[Function]}
    />
    <div
      className="WhiteSpace"
      onClick={[Function]}
    />
    <div
      className="WhiteSpace"
      onClick={[Function]}
    />
  </div>
  <div
    className="BoardRow"
  >
    <div
      className="WhiteSpace"
      onClick={[Function]}
    />
    <div
      className="WhiteSpace"
      onClick={[Function]}
    />
    <div
      className="WhiteSpace"
      onClick={[Function]}
    />
    <div
      className="WhiteSpace"
      onClick={[Function]}
    />
    <div
      className="WhiteSpace"
      onClick={[Function]}
    />
    <div
      className="WhiteSpace"
      onClick={[Function]}
    />
    <div
      className="WhiteSpace"
      onClick={[Function]}
    />
    <div
      className="WhiteSpace"
      onClick={[Function]}
    />
    <div
      className="WhiteSpace"
      onClick={[Function]}
    />
    <div
      className="WhiteSpace"
      onClick={[Function]}
    />
  </div>
  <div
    className="BoardRow"
  >
    <div
      className="WhiteSpace"
      onClick={[Function]}
    />
    <div
      className="WhiteSpace"
      onClick={[Function]}
    />
    <div
      className="WhiteSpace"
      onClick={[Function]}
    />
    <div
      className="WhiteSpace"
      onClick={[Function]}
    />
    <div
      className="WhiteSpace"
      onClick={[Function]}
    />
    <div
      className="WhiteSpace"
      onClick={[Function]}
    />
    <div
      className="WhiteSpace"
      onClick={[Function]}
    />
    <div
      className="WhiteSpace"
      onClick={[Function]}
    />
    <div
      className="WhiteSpace"
      onClick={[Function]}
    />
    <div
      className="WhiteSpace"
      onClick={[Function]}
    />
  </div>
  <div
    className="BoardRow"
  >
    <div
      className="WhiteSpace"
      onClick={[Function]}
    />
    <div
      className="WhiteSpace"
      onClick={[Function]}
    />
    <div
      className="WhiteSpace"
      onClick={[Function]}
    />
    <div
      className="WhiteSpace"
      onClick={[Function]}
    />
    <div
      className="WhiteSpace"
      onClick={[Function]}
    />
    <div
      className="WhiteSpace"
      onClick={[Function]}
    />
    <div
      className="WhiteSpace"
      onClick={[Function]}
    />
    <div
      className="WhiteSpace"
      onClick={[Function]}
    />
    <div
      className="WhiteSpace"
      onClick={[Function]}
    />
    <div
      className="WhiteSpace"
      onClick={[Function]}
    />
  </div>
  <div
    className="BoardRow"
  >
    <div
      className="WhiteSpace"
      onClick={[Function]}
    />
    <div
      className="WhiteSpace"
      onClick={[Function]}
    />
    <div
      className="WhiteSpace"
      onClick={[Function]}
    />
    <div
      className="WhiteSpace"
      onClick={[Function]}
    />
    <div
      className="WhiteSpace"
      onClick={[Function]}
    />
    <div
      className="WhiteSpace"
      onClick={[Function]}
    />
    <div
      className="WhiteSpace"
      onClick={[Function]}
    />
    <div
      className="WhiteSpace"
      onClick={[Function]}
    />
    <div
      className="WhiteSpace"
      onClick={[Function]}
    />
    <div
      className="WhiteSpace"
      onClick={[Function]}
    />
  </div>
  <div
    className="BoardRow"
  >
    <div
      className="WhiteSpace"
      onClick={[Function]}
    />
    <div
      className="WhiteSpace"
      onClick={[Function]}
    />
    <div
      className="WhiteSpace"
      onClick={[Function]}
    />
    <div
      className="WhiteSpace"
      onClick={[Function]}
    />
    <div
      className="WhiteSpace"
      onClick={[Function]}
    />
    <div
      className="WhiteSpace"
      onClick={[Function]}
    />
    <div
      className="WhiteSpace"
      onClick={[Function]}
    />
    <div
      className="WhiteSpace"
      onClick={[Function]}
    />
    <div
      className="WhiteSpace"
      onClick={[Function]}
    />
    <div
      className="WhiteSpace"
      onClick={[Function]}
    />
  </div>
  <div
    className="BoardRow"
  >
    <div
      className="WhiteSpace"
      onClick={[Function]}
    />
    <div
      className="WhiteSpace"
      onClick={[Function]}
    />
    <div
      className="WhiteSpace"
      onClick={[Function]}
    />
    <div
      className="WhiteSpace"
      onClick={[Function]}
    />
    <div
      className="WhiteSpace"
      onClick={[Function]}
    />
    <div
      className="WhiteSpace"
      onClick={[Function]}
    />
    <div
      className="WhiteSpace"
      onClick={[Function]}
    />
    <div
      className="WhiteSpace"
      onClick={[Function]}
    />
    <div
      className="WhiteSpace"
      onClick={[Function]}
    />
    <div
      className="WhiteSpace"
      onClick={[Function]}
    />
  </div>
  <div
    className="BoardRow"
  >
    <div
      className="WhiteSpace"
      onClick={[Function]}
    />
    <div
      className="WhiteSpace"
      onClick={[Function]}
    />
    <div
      className="WhiteSpace"
      onClick={[Function]}
    />
    <div
      className="WhiteSpace"
      onClick={[Function]}
    />
    <div
      className="WhiteSpace"
      onClick={[Function]}
    />
    <div
      className="WhiteSpace"
      onClick={[Function]}
    />
    <div
      className="WhiteSpace"
      onClick={[Function]}
    />
    <div
      className="WhiteSpace"
      onClick={[Function]}
    />
    <div
      className="WhiteSpace"
      onClick={[Function]}
    />
    <div
      className="WhiteSpace"
      onClick={[Function]}
    />
  </div>
  <div
    className="BoardRow"
  >
    <div
      className="WhiteSpace"
      onClick={[Function]}
    />
    <div
      className="WhiteSpace"
      onClick={[Function]}
    />
    <div
      className="WhiteSpace"
      onClick={[Function]}
    />
    <div
      className="WhiteSpace"
      onClick={[Function]}
    />
    <div
      className="WhiteSpace"
      onClick={[Function]}
    />
    <div
      className="WhiteSpace"
      onClick={[Function]}
    />
    <div
      className="WhiteSpace"
      onClick={[Function]}
    />
    <div
      className="WhiteSpace"
      onClick={[Function]}
    />
    <div
      className="WhiteSpace"
      onClick={[Function]}
    />
    <div
      className="WhiteSpace"
      onClick={[Function]}
    />
  </div>
</div>
`;

exports[`too small board, renders incorrectly 1`] = `
<div
  className="Board"
>
  <div
    className="BoardRow"
  >
    <div
      className="WhiteSpace"
      onClick={[Function]}
    />
    <div
      className="WhiteSpace"
      onClick={[Function]}
    />
    <div
      className="WhiteSpace"
      onClick={[Function]}
    />
  </div>
  <div
    className="BoardRow"
  >
    <div
      className="WhiteSpace"
      onClick={[Function]}
    />
    <div
      className="WhiteSpace"
      onClick={[Function]}
    />
    <div
      className="WhiteSpace"
      onClick={[Function]}
    />
  </div>
  <div
    className="BoardRow"
  >
    <div
      className="WhiteSpace"
      onClick={[Function]}
    />
    <div
      className="WhiteSpace"
      onClick={[Function]}
    />
    <div
      className="WhiteSpace"
      onClick={[Function]}
    />
  </div>
</div>
`;

exports[`yellow board, renders correctly 1`] = `
<div
  className="Board"
>
  <div
    className="BoardRow"
  >
    <div
      className="YellowToken"
    />
    <div
      className="YellowToken"
    />
    <div
      className="YellowToken"
    />
    <div
      className="YellowToken"
    />
    <div
      className="YellowToken"
    />
    <div
      className="YellowToken"
    />
  </div>
  <div
    className="BoardRow"
  >
    <div
      className="YellowToken"
    />
    <div
      className="YellowToken"
    />
    <div
      className="YellowToken"
    />
    <div
      className="YellowToken"
    />
    <div
      className="YellowToken"
    />
    <div
      className="YellowToken"
    />
  </div>
  <div
    className="BoardRow"
  >
    <div
      className="YellowToken"
    />
    <div
      className="YellowToken"
    />
    <div
      className="YellowToken"
    />
    <div
      className="YellowToken"
    />
    <div
      className="YellowToken"
    />
    <div
      className="YellowToken"
    />
  </div>
  <div
    className="BoardRow"
  >
    <div
      className="YellowToken"
    />
    <div
      className="YellowToken"
    />
    <div
      className="YellowToken"
    />
    <div
      className="YellowToken"
    />
    <div
      className="YellowToken"
    />
    <div
      className="YellowToken"
    />
  </div>
  <div
    className="BoardRow"
  >
    <div
      className="YellowToken"
    />
    <div
      className="YellowToken"
    />
    <div
      className="YellowToken"
    />
    <div
      className="YellowToken"
    />
    <div
      className="YellowToken"
    />
    <div
      className="YellowToken"
    />
  </div>
  <div
    className="BoardRow"
  >
    <div
      className="YellowToken"
    />
    <div
      className="YellowToken"
    />
    <div
      className="YellowToken"
    />
    <div
      className="YellowToken"
    />
    <div
      className="YellowToken"
    />
    <div
      className="YellowToken"
    />
  </div>
</div>
`;
